// Jest Snapshot v1, https://goo.gl/fbAQLP

exports[`Initial Test of the Header Matches snapshot 1`] = `
<body>
  <div>
    <header
      class="header"
    >
      <h1>
        Preact App
      </h1>
      <nav>
        <a
          class="is-active"
          href="/"
        >
          Home
        </a>
        <a
          class=""
          href="/profile"
        >
          Me
        </a>
        <a
          class=""
          href="/profile/john"
        >
          John
        </a>
      </nav>
    </header>
  </div>
</body>
`;
